Archive member included because of file (symbol)

h:/quartusii_13.1/nios2eds/bin/gnu/h-i686-mingw32/bin/../lib/gcc/nios2-elf/4.7.3/../../../../../H-i686-mingw32/nios2-elf/lib\libsmallc.a(lib_a-puts.o)
                              obj/default/hello_world.o (puts)
h:/quartusii_13.1/nios2eds/bin/gnu/h-i686-mingw32/bin/../lib/gcc/nios2-elf/4.7.3/../../../../../H-i686-mingw32/nios2-elf/lib\libsmallc.a(lib_a-strlen.o)
                              h:/quartusii_13.1/nios2eds/bin/gnu/h-i686-mingw32/bin/../lib/gcc/nios2-elf/4.7.3/../../../../../H-i686-mingw32/nios2-elf/lib\libsmallc.a(lib_a-puts.o) (strlen)
h:/quartusii_13.1/nios2eds/bin/gnu/h-i686-mingw32/bin/../lib/gcc/nios2-elf/4.7.3/../../../../../H-i686-mingw32/nios2-elf/lib\libsmallc.a(lib_a-fvwrite_small_dev.o)
                              h:/quartusii_13.1/nios2eds/bin/gnu/h-i686-mingw32/bin/../lib/gcc/nios2-elf/4.7.3/../../../../../H-i686-mingw32/nios2-elf/lib\libsmallc.a(lib_a-puts.o) (__sfvwrite_small_dev)
h:/quartusii_13.1/nios2eds/bin/gnu/h-i686-mingw32/bin/../lib/gcc/nios2-elf/4.7.3/../../../../../H-i686-mingw32/nios2-elf/lib\libsmallc.a(lib_a-impure.o)
                              h:/quartusii_13.1/nios2eds/bin/gnu/h-i686-mingw32/bin/../lib/gcc/nios2-elf/4.7.3/../../../../../H-i686-mingw32/nios2-elf/lib\libsmallc.a(lib_a-puts.o) (_impure_ptr)
h:/quartusii_13.1/nios2eds/bin/gnu/h-i686-mingw32/bin/../lib/gcc/nios2-elf/4.7.3/../../../../../H-i686-mingw32/nios2-elf/lib\libsmallc.a(lib_a-writer.o)
                              h:/quartusii_13.1/nios2eds/bin/gnu/h-i686-mingw32/bin/../lib/gcc/nios2-elf/4.7.3/../../../../../H-i686-mingw32/nios2-elf/lib\libsmallc.a(lib_a-fvwrite_small_dev.o) (_write_r)
h:/quartusii_13.1/nios2eds/bin/gnu/h-i686-mingw32/bin/../lib/gcc/nios2-elf/4.7.3/../../../../../H-i686-mingw32/nios2-elf/lib\libsmallc.a(lib_a-int_errno.o)
                              h:/quartusii_13.1/nios2eds/bin/gnu/h-i686-mingw32/bin/../lib/gcc/nios2-elf/4.7.3/../../../../../H-i686-mingw32/nios2-elf/lib\libsmallc.a(lib_a-writer.o) (errno)
../hello_world_bsp/\libhal_bsp.a(alt_load.o)
                              ../hello_world_bsp//obj/HAL/src/crt0.o (alt_load)
../hello_world_bsp/\libhal_bsp.a(alt_main.o)
                              ../hello_world_bsp//obj/HAL/src/crt0.o (alt_main)
../hello_world_bsp/\libhal_bsp.a(alt_write.o)
                              h:/quartusii_13.1/nios2eds/bin/gnu/h-i686-mingw32/bin/../lib/gcc/nios2-elf/4.7.3/../../../../../H-i686-mingw32/nios2-elf/lib\libsmallc.a(lib_a-writer.o) (write)
../hello_world_bsp/\libhal_bsp.a(alt_sys_init.o)
                              ../hello_world_bsp/\libhal_bsp.a(alt_main.o) (alt_irq_init)
../hello_world_bsp/\libhal_bsp.a(altera_avalon_jtag_uart_fd.o)
                              ../hello_world_bsp/\libhal_bsp.a(alt_sys_init.o) (altera_avalon_jtag_uart_read_fd)
../hello_world_bsp/\libhal_bsp.a(altera_avalon_jtag_uart_read.o)
                              ../hello_world_bsp/\libhal_bsp.a(altera_avalon_jtag_uart_fd.o) (altera_avalon_jtag_uart_read)
../hello_world_bsp/\libhal_bsp.a(altera_avalon_jtag_uart_write.o)
                              ../hello_world_bsp/\libhal_bsp.a(altera_avalon_jtag_uart_fd.o) (altera_avalon_jtag_uart_write)
../hello_world_bsp/\libhal_bsp.a(alt_close.o)
                              ../hello_world_bsp/\libhal_bsp.a(alt_main.o) (close)
../hello_world_bsp/\libhal_bsp.a(alt_dcache_flush_all.o)
                              ../hello_world_bsp/\libhal_bsp.a(alt_load.o) (alt_dcache_flush_all)
../hello_world_bsp/\libhal_bsp.a(alt_dev.o)
                              ../hello_world_bsp/\libhal_bsp.a(alt_sys_init.o) (alt_dev_list)
../hello_world_bsp/\libhal_bsp.a(alt_dev_llist_insert.o)
                              ../hello_world_bsp/\libhal_bsp.a(alt_sys_init.o) (alt_dev_llist_insert)
../hello_world_bsp/\libhal_bsp.a(alt_errno.o)
                              ../hello_world_bsp/\libhal_bsp.a(alt_write.o) (alt_errno)
../hello_world_bsp/\libhal_bsp.a(alt_exit.o)
                              ../hello_world_bsp/\libhal_bsp.a(alt_main.o) (_exit)
../hello_world_bsp/\libhal_bsp.a(alt_icache_flush_all.o)
                              ../hello_world_bsp/\libhal_bsp.a(alt_load.o) (alt_icache_flush_all)
../hello_world_bsp/\libhal_bsp.a(alt_io_redirect.o)
                              ../hello_world_bsp/\libhal_bsp.a(alt_main.o) (alt_io_redirect)
../hello_world_bsp/\libhal_bsp.a(alt_open.o)
                              ../hello_world_bsp/\libhal_bsp.a(alt_io_redirect.o) (open)
../hello_world_bsp/\libhal_bsp.a(alt_release_fd.o)
                              ../hello_world_bsp/\libhal_bsp.a(alt_close.o) (alt_release_fd)
../hello_world_bsp/\libhal_bsp.a(altera_nios2_qsys_irq.o)
                              ../hello_world_bsp/\libhal_bsp.a(alt_sys_init.o) (altera_nios2_qsys_irq_init)
../hello_world_bsp/\libhal_bsp.a(alt_find_dev.o)
                              ../hello_world_bsp/\libhal_bsp.a(alt_open.o) (alt_find_dev)
../hello_world_bsp/\libhal_bsp.a(alt_find_file.o)
                              ../hello_world_bsp/\libhal_bsp.a(alt_open.o) (alt_find_file)
../hello_world_bsp/\libhal_bsp.a(alt_get_fd.o)
                              ../hello_world_bsp/\libhal_bsp.a(alt_open.o) (alt_get_fd)
../hello_world_bsp/\libhal_bsp.a(alt_icache_flush.o)
                              ../hello_world_bsp/\libhal_bsp.a(alt_icache_flush_all.o) (alt_icache_flush)
h:/quartusii_13.1/nios2eds/bin/gnu/h-i686-mingw32/bin/../lib/gcc/nios2-elf/4.7.3/../../../../../H-i686-mingw32/nios2-elf/lib\libsmallc.a(lib_a-memcmp.o)
                              ../hello_world_bsp/\libhal_bsp.a(alt_find_dev.o) (memcmp)

Allocating common symbols
Common symbol       size              file

errno               0x4               h:/quartusii_13.1/nios2eds/bin/gnu/h-i686-mingw32/bin/../lib/gcc/nios2-elf/4.7.3/../../../../../H-i686-mingw32/nios2-elf/lib\libsmallc.a(lib_a-int_errno.o)

Memory Configuration

Name             Origin             Length             Attributes
reset            0x00004000         0x00000020
ram              0x00004020         0x000027e0
*default*        0x00000000         0xffffffff

Linker script and memory map

LOAD ../hello_world_bsp//obj/HAL/src/crt0.o
LOAD obj/default/hello_world.o
LOAD h:/quartusii_13.1/nios2eds/bin/gnu/h-i686-mingw32/bin/../lib/gcc/nios2-elf/4.7.3/../../../../../H-i686-mingw32/nios2-elf/lib\libstdc++.a
LOAD h:/quartusii_13.1/nios2eds/bin/gnu/h-i686-mingw32/bin/../lib/gcc/nios2-elf/4.7.3/../../../../../H-i686-mingw32/nios2-elf/lib\libm.a
LOAD h:/quartusii_13.1/nios2eds/bin/gnu/h-i686-mingw32/bin/../lib/gcc/nios2-elf/4.7.3\libgcc.a
START GROUP
LOAD h:/quartusii_13.1/nios2eds/bin/gnu/h-i686-mingw32/bin/../lib/gcc/nios2-elf/4.7.3/../../../../../H-i686-mingw32/nios2-elf/lib\libsmallc.a
LOAD h:/quartusii_13.1/nios2eds/bin/gnu/h-i686-mingw32/bin/../lib/gcc/nios2-elf/4.7.3\libgcc.a
LOAD ../hello_world_bsp/\libhal_bsp.a
END GROUP
LOAD h:/quartusii_13.1/nios2eds/bin/gnu/h-i686-mingw32/bin/../lib/gcc/nios2-elf/4.7.3\libgcc.a
                0x00004000                __alt_mem_ram = 0x4000

.entry          0x00004000       0x20
 *(.entry)
 .entry         0x00004000       0x20 ../hello_world_bsp//obj/HAL/src/crt0.o
                0x00004000                __reset

.exceptions     0x00004020        0x0
                0x00004020                PROVIDE (__ram_exceptions_start, ABSOLUTE (.))
                0x00004020                . = ALIGN (0x20)
 *(.irq)
 *(.exceptions.entry.label)
 *(.exceptions.entry.user)
 *(.exceptions.entry.ecc_fatal)
 *(.exceptions.entry)
 *(.exceptions.irqtest.user)
 *(.exceptions.irqtest)
 *(.exceptions.irqhandler.user)
 *(.exceptions.irqhandler)
 *(.exceptions.irqreturn.user)
 *(.exceptions.irqreturn)
 *(.exceptions.notirq.label)
 *(.exceptions.notirq.user)
 *(.exceptions.notirq)
 *(.exceptions.soft.user)
 *(.exceptions.soft)
 *(.exceptions.unknown.user)
 *(.exceptions.unknown)
 *(.exceptions.exit.label)
 *(.exceptions.exit.user)
 *(.exceptions.exit)
 *(.exceptions)
                0x00004020                PROVIDE (__ram_exceptions_end, ABSOLUTE (.))
                0x00004020                PROVIDE (__flash_exceptions_start, LOADADDR (.exceptions))

.text           0x00004020     0x1248
                0x00004020                PROVIDE (stext, ABSOLUTE (.))
 *(.interp)
 *(.hash)
 *(.dynsym)
 *(.dynstr)
 *(.gnu.version)
 *(.gnu.version_d)
 *(.gnu.version_r)
 *(.rel.init)
 *(.rela.init)
 *(.rel.text .rel.text.* .rel.gnu.linkonce.t.*)
 *(.rela.text .rela.text.* .rela.gnu.linkonce.t.*)
 *(.rel.fini)
 *(.rela.fini)
 *(.rel.rodata .rel.rodata.* .rel.gnu.linkonce.r.*)
 *(.rela.rodata .rela.rodata.* .rela.gnu.linkonce.r.*)
 *(.rel.data .rel.data.* .rel.gnu.linkonce.d.*)
 *(.rela.data .rela.data.* .rela.gnu.linkonce.d.*)
 *(.rel.tdata .rel.tdata.* .rel.gnu.linkonce.td.*)
 *(.rela.tdata .rela.tdata.* .rela.gnu.linkonce.td.*)
 *(.rel.tbss .rel.tbss.* .rel.gnu.linkonce.tb.*)
 *(.rela.tbss .rela.tbss.* .rela.gnu.linkonce.tb.*)
 *(.rel.ctors)
 *(.rela.ctors)
 *(.rel.dtors)
 *(.rela.dtors)
 *(.rel.got)
 *(.rela.got)
 *(.rel.sdata .rel.sdata.* .rel.gnu.linkonce.s.*)
 *(.rela.sdata .rela.sdata.* .rela.gnu.linkonce.s.*)
 *(.rel.sbss .rel.sbss.* .rel.gnu.linkonce.sb.*)
 *(.rela.sbss .rela.sbss.* .rela.gnu.linkonce.sb.*)
 *(.rel.sdata2 .rel.sdata2.* .rel.gnu.linkonce.s2.*)
 *(.rela.sdata2 .rela.sdata2.* .rela.gnu.linkonce.s2.*)
 *(.rel.sbss2 .rel.sbss2.* .rel.gnu.linkonce.sb2.*)
 *(.rela.sbss2 .rela.sbss2.* .rela.gnu.linkonce.sb2.*)
 *(.rel.bss .rel.bss.* .rel.gnu.linkonce.b.*)
 *(.rela.bss .rela.bss.* .rela.gnu.linkonce.b.*)
 *(.rel.plt)
 *(.rela.plt)
 *(.rel.dyn)
 *(.init)
 *(.plt)
 *(.text .stub .text.* .gnu.linkonce.t.*)
 .text          0x00004020       0x4c ../hello_world_bsp//obj/HAL/src/crt0.o
                0x00004020                _start
 .text          0x0000406c       0x40 obj/default/hello_world.o
                0x0000406c                main
 .text          0x000040ac       0x94 h:/quartusii_13.1/nios2eds/bin/gnu/h-i686-mingw32/bin/../lib/gcc/nios2-elf/4.7.3/../../../../../H-i686-mingw32/nios2-elf/lib\libsmallc.a(lib_a-puts.o)
                0x000040ac                _puts_r
                0x0000412c                puts
 .text          0x00004140       0x28 h:/quartusii_13.1/nios2eds/bin/gnu/h-i686-mingw32/bin/../lib/gcc/nios2-elf/4.7.3/../../../../../H-i686-mingw32/nios2-elf/lib\libsmallc.a(lib_a-strlen.o)
                0x00004140                strlen
 .text          0x00004168       0xe0 h:/quartusii_13.1/nios2eds/bin/gnu/h-i686-mingw32/bin/../lib/gcc/nios2-elf/4.7.3/../../../../../H-i686-mingw32/nios2-elf/lib\libsmallc.a(lib_a-fvwrite_small_dev.o)
                0x00004168                __sfvwrite_small_dev
 .text          0x00004248        0x0 h:/quartusii_13.1/nios2eds/bin/gnu/h-i686-mingw32/bin/../lib/gcc/nios2-elf/4.7.3/../../../../../H-i686-mingw32/nios2-elf/lib\libsmallc.a(lib_a-impure.o)
 .text          0x00004248       0x6c h:/quartusii_13.1/nios2eds/bin/gnu/h-i686-mingw32/bin/../lib/gcc/nios2-elf/4.7.3/../../../../../H-i686-mingw32/nios2-elf/lib\libsmallc.a(lib_a-writer.o)
                0x00004248                _write_r
 .text          0x000042b4        0x0 h:/quartusii_13.1/nios2eds/bin/gnu/h-i686-mingw32/bin/../lib/gcc/nios2-elf/4.7.3/../../../../../H-i686-mingw32/nios2-elf/lib\libsmallc.a(lib_a-int_errno.o)
 .text          0x000042b4       0xec ../hello_world_bsp/\libhal_bsp.a(alt_load.o)
                0x00004320                alt_load
 .text          0x000043a0       0x68 ../hello_world_bsp/\libhal_bsp.a(alt_main.o)
                0x000043a0                alt_main
 .text          0x00004408      0x13c ../hello_world_bsp/\libhal_bsp.a(alt_write.o)
                0x00004458                write
 .text          0x00004544       0xa0 ../hello_world_bsp/\libhal_bsp.a(alt_sys_init.o)
                0x0000457c                alt_irq_init
                0x000045b0                alt_sys_init
 .text          0x000045e4       0xc0 ../hello_world_bsp/\libhal_bsp.a(altera_avalon_jtag_uart_fd.o)
                0x000045e4                altera_avalon_jtag_uart_read_fd
                0x00004644                altera_avalon_jtag_uart_write_fd
 .text          0x000046a4       0xf4 ../hello_world_bsp/\libhal_bsp.a(altera_avalon_jtag_uart_read.o)
                0x000046a4                altera_avalon_jtag_uart_read
 .text          0x00004798       0x98 ../hello_world_bsp/\libhal_bsp.a(altera_avalon_jtag_uart_write.o)
                0x00004798                altera_avalon_jtag_uart_write
 .text          0x00004830      0x118 ../hello_world_bsp/\libhal_bsp.a(alt_close.o)
                0x00004880                close
 .text          0x00004948       0x44 ../hello_world_bsp/\libhal_bsp.a(alt_dcache_flush_all.o)
                0x00004948                alt_dcache_flush_all
 .text          0x0000498c       0x2c ../hello_world_bsp/\libhal_bsp.a(alt_dev.o)
 .text          0x000049b8       0xf0 ../hello_world_bsp/\libhal_bsp.a(alt_dev_llist_insert.o)
                0x00004a08                alt_dev_llist_insert
 .text          0x00004aa8        0x0 ../hello_world_bsp/\libhal_bsp.a(alt_errno.o)
 .text          0x00004aa8       0x3c ../hello_world_bsp/\libhal_bsp.a(alt_exit.o)
                0x00004aa8                _exit
 .text          0x00004ae4       0x30 ../hello_world_bsp/\libhal_bsp.a(alt_icache_flush_all.o)
                0x00004ae4                alt_icache_flush_all
 .text          0x00004b14      0x138 ../hello_world_bsp/\libhal_bsp.a(alt_io_redirect.o)
                0x00004bd4                alt_io_redirect
 .text          0x00004c4c      0x270 ../hello_world_bsp/\libhal_bsp.a(alt_open.o)
                0x00004d68                open
 .text          0x00004ebc       0x60 ../hello_world_bsp/\libhal_bsp.a(alt_release_fd.o)
                0x00004ebc                alt_release_fd
 .text          0x00004f1c       0x20 ../hello_world_bsp/\libhal_bsp.a(altera_nios2_qsys_irq.o)
                0x00004f1c                altera_nios2_qsys_irq_init
 .text          0x00004f3c       0x90 ../hello_world_bsp/\libhal_bsp.a(alt_find_dev.o)
                0x00004f3c                alt_find_dev
 .text          0x00004fcc      0x114 ../hello_world_bsp/\libhal_bsp.a(alt_find_file.o)
                0x00004fcc                alt_find_file
 .text          0x000050e0       0xb4 ../hello_world_bsp/\libhal_bsp.a(alt_get_fd.o)
                0x000050e0                alt_get_fd
 .text          0x00005194       0x8c ../hello_world_bsp/\libhal_bsp.a(alt_icache_flush.o)
                0x00005194                alt_icache_flush
 .text          0x00005220       0x48 h:/quartusii_13.1/nios2eds/bin/gnu/h-i686-mingw32/bin/../lib/gcc/nios2-elf/4.7.3/../../../../../H-i686-mingw32/nios2-elf/lib\libsmallc.a(lib_a-memcmp.o)
                0x00005220                memcmp
 *(.gnu.warning.*)
 *(.fini)
                0x00005268                PROVIDE (__etext, ABSOLUTE (.))
                0x00005268                PROVIDE (_etext, ABSOLUTE (.))
                0x00005268                PROVIDE (etext, ABSOLUTE (.))
 *(.eh_frame_hdr)
                0x00005268                . = ALIGN (0x4)
                0x00005268                PROVIDE (__preinit_array_start, ABSOLUTE (.))
 *(.preinit_array)
                0x00005268                PROVIDE (__preinit_array_end, ABSOLUTE (.))
                0x00005268                PROVIDE (__init_array_start, ABSOLUTE (.))
 *(.init_array)
                0x00005268                PROVIDE (__init_array_end, ABSOLUTE (.))
                0x00005268                PROVIDE (__fini_array_start, ABSOLUTE (.))
 *(.fini_array)
                0x00005268                PROVIDE (__fini_array_end, ABSOLUTE (.))
 *(.eh_frame)
 *(.gcc_except_table .gcc_except_table.*)
 *(.dynamic)
                0x00005268                PROVIDE (__CTOR_LIST__, ABSOLUTE (.))
 *(.ctors)
 *(SORT(.ctors.*))
                0x00005268                PROVIDE (__CTOR_END__, ABSOLUTE (.))
                0x00005268                PROVIDE (__DTOR_LIST__, ABSOLUTE (.))
 *(.dtors)
 *(SORT(.dtors.*))
                0x00005268                PROVIDE (__DTOR_END__, ABSOLUTE (.))
 *(.jcr)
                0x00005268                . = ALIGN (0x4)

.rodata         0x00005268       0x48
                0x00005268                PROVIDE (__ram_rodata_start, ABSOLUTE (.))
                0x00005268                . = ALIGN (0x4)
 *(.rodata .rodata.* .gnu.linkonce.r.*)
 .rodata        0x00005268       0x10 obj/default/hello_world.o
 .rodata.str1.4
                0x00005278        0x4 h:/quartusii_13.1/nios2eds/bin/gnu/h-i686-mingw32/bin/../lib/gcc/nios2-elf/4.7.3/../../../../../H-i686-mingw32/nios2-elf/lib\libsmallc.a(lib_a-puts.o)
 .rodata        0x0000527c       0x14 ../hello_world_bsp/\libhal_bsp.a(alt_main.o)
 .rodata        0x00005290       0x14 ../hello_world_bsp/\libhal_bsp.a(alt_sys_init.o)
 .rodata        0x000052a4        0xc ../hello_world_bsp/\libhal_bsp.a(alt_dev.o)
 *(.rodata1)
                0x000052b0                . = ALIGN (0x4)
                0x000052b0                PROVIDE (__ram_rodata_end, ABSOLUTE (.))
                0x00005268                PROVIDE (__flash_rodata_start, LOADADDR (.rodata))

.rwdata         0x000052b0      0x2d4 load address 0x00005584
                0x000052b0                PROVIDE (__ram_rwdata_start, ABSOLUTE (.))
                0x000052b0                . = ALIGN (0x4)
 *(.got.plt)
 *(.got)
 *(.data1)
 *(.data .data.* .gnu.linkonce.d.*)
 .data          0x000052b0        0x0 ../hello_world_bsp//obj/HAL/src/crt0.o
 .data          0x000052b0        0x0 obj/default/hello_world.o
 .data          0x000052b0        0x0 h:/quartusii_13.1/nios2eds/bin/gnu/h-i686-mingw32/bin/../lib/gcc/nios2-elf/4.7.3/../../../../../H-i686-mingw32/nios2-elf/lib\libsmallc.a(lib_a-puts.o)
 .data          0x000052b0        0x0 h:/quartusii_13.1/nios2eds/bin/gnu/h-i686-mingw32/bin/../lib/gcc/nios2-elf/4.7.3/../../../../../H-i686-mingw32/nios2-elf/lib\libsmallc.a(lib_a-strlen.o)
 .data          0x000052b0        0x0 h:/quartusii_13.1/nios2eds/bin/gnu/h-i686-mingw32/bin/../lib/gcc/nios2-elf/4.7.3/../../../../../H-i686-mingw32/nios2-elf/lib\libsmallc.a(lib_a-fvwrite_small_dev.o)
 .data          0x000052b0       0xe0 h:/quartusii_13.1/nios2eds/bin/gnu/h-i686-mingw32/bin/../lib/gcc/nios2-elf/4.7.3/../../../../../H-i686-mingw32/nios2-elf/lib\libsmallc.a(lib_a-impure.o)
 .data          0x00005390        0x0 h:/quartusii_13.1/nios2eds/bin/gnu/h-i686-mingw32/bin/../lib/gcc/nios2-elf/4.7.3/../../../../../H-i686-mingw32/nios2-elf/lib\libsmallc.a(lib_a-writer.o)
 .data          0x00005390        0x0 h:/quartusii_13.1/nios2eds/bin/gnu/h-i686-mingw32/bin/../lib/gcc/nios2-elf/4.7.3/../../../../../H-i686-mingw32/nios2-elf/lib\libsmallc.a(lib_a-int_errno.o)
 .data          0x00005390        0x0 ../hello_world_bsp/\libhal_bsp.a(alt_load.o)
 .data          0x00005390        0x0 ../hello_world_bsp/\libhal_bsp.a(alt_main.o)
 .data          0x00005390        0x0 ../hello_world_bsp/\libhal_bsp.a(alt_write.o)
 .data          0x00005390       0x2c ../hello_world_bsp/\libhal_bsp.a(alt_sys_init.o)
 .data          0x000053bc        0x0 ../hello_world_bsp/\libhal_bsp.a(altera_avalon_jtag_uart_fd.o)
 .data          0x000053bc        0x0 ../hello_world_bsp/\libhal_bsp.a(altera_avalon_jtag_uart_read.o)
 .data          0x000053bc        0x0 ../hello_world_bsp/\libhal_bsp.a(altera_avalon_jtag_uart_write.o)
 .data          0x000053bc        0x0 ../hello_world_bsp/\libhal_bsp.a(alt_close.o)
 .data          0x000053bc        0x0 ../hello_world_bsp/\libhal_bsp.a(alt_dcache_flush_all.o)
 .data          0x000053bc      0x1a8 ../hello_world_bsp/\libhal_bsp.a(alt_dev.o)
                0x000053bc                alt_dev_null
                0x000053e4                alt_fd_list
 .data          0x00005564        0x0 ../hello_world_bsp/\libhal_bsp.a(alt_dev_llist_insert.o)
 .data          0x00005564        0x0 ../hello_world_bsp/\libhal_bsp.a(alt_errno.o)
 .data          0x00005564        0x0 ../hello_world_bsp/\libhal_bsp.a(alt_exit.o)
 .data          0x00005564        0x0 ../hello_world_bsp/\libhal_bsp.a(alt_icache_flush_all.o)
 .data          0x00005564        0x0 ../hello_world_bsp/\libhal_bsp.a(alt_io_redirect.o)
 .data          0x00005564        0x0 ../hello_world_bsp/\libhal_bsp.a(alt_open.o)
 .data          0x00005564        0x0 ../hello_world_bsp/\libhal_bsp.a(alt_release_fd.o)
 .data          0x00005564        0x0 ../hello_world_bsp/\libhal_bsp.a(altera_nios2_qsys_irq.o)
 .data          0x00005564        0x0 ../hello_world_bsp/\libhal_bsp.a(alt_find_dev.o)
 .data          0x00005564        0x0 ../hello_world_bsp/\libhal_bsp.a(alt_find_file.o)
 .data          0x00005564        0x0 ../hello_world_bsp/\libhal_bsp.a(alt_get_fd.o)
 .data          0x00005564        0x0 ../hello_world_bsp/\libhal_bsp.a(alt_icache_flush.o)
 .data          0x00005564        0x0 h:/quartusii_13.1/nios2eds/bin/gnu/h-i686-mingw32/bin/../lib/gcc/nios2-elf/4.7.3/../../../../../H-i686-mingw32/nios2-elf/lib\libsmallc.a(lib_a-memcmp.o)
                0x0000d564                _gp = ABSOLUTE ((. + 0x8000))
                0x0000d564                PROVIDE (gp, _gp)
 *(.rwdata .rwdata.*)
 *(.sdata .sdata.* .gnu.linkonce.s.*)
 .sdata         0x00005564        0x8 h:/quartusii_13.1/nios2eds/bin/gnu/h-i686-mingw32/bin/../lib/gcc/nios2-elf/4.7.3/../../../../../H-i686-mingw32/nios2-elf/lib\libsmallc.a(lib_a-impure.o)
                0x00005564                _global_impure_ptr
                0x00005568                _impure_ptr
 .sdata         0x0000556c       0x14 ../hello_world_bsp/\libhal_bsp.a(alt_dev.o)
                0x0000556c                alt_fs_list
                0x00005574                alt_dev_list
                0x0000557c                alt_max_fd
 .sdata         0x00005580        0x4 ../hello_world_bsp/\libhal_bsp.a(alt_errno.o)
                0x00005580                alt_errno
 *(.sdata2 .sdata2.* .gnu.linkonce.s2.*)
                0x00005584                . = ALIGN (0x4)
                0x00005584                _edata = ABSOLUTE (.)
                0x00005584                PROVIDE (edata, ABSOLUTE (.))
                0x00005584                PROVIDE (__ram_rwdata_end, ABSOLUTE (.))
                0x00005584                PROVIDE (__flash_rwdata_start, LOADADDR (.rwdata))

.bss            0x00005858       0x10
                0x00005858                __bss_start = ABSOLUTE (.)
                0x00005858                PROVIDE (__sbss_start, ABSOLUTE (.))
                0x00005858                PROVIDE (___sbss_start, ABSOLUTE (.))
 *(.dynsbss)
 *(.sbss .sbss.* .gnu.linkonce.sb.*)
 .sbss          0x00005858        0x4 h:/quartusii_13.1/nios2eds/bin/gnu/h-i686-mingw32/bin/../lib/gcc/nios2-elf/4.7.3/../../../../../H-i686-mingw32/nios2-elf/lib\libsmallc.a(lib_a-int_errno.o)
                0x00005858                errno
 .sbss          0x0000585c        0xc ../hello_world_bsp/\libhal_bsp.a(alt_main.o)
                0x0000585c                alt_argc
                0x00005860                alt_argv
                0x00005864                alt_envp
 *(.sbss2 .sbss2.* .gnu.linkonce.sb2.*)
 *(.scommon)
                0x00005868                PROVIDE (__sbss_end, ABSOLUTE (.))
                0x00005868                PROVIDE (___sbss_end, ABSOLUTE (.))
 *(.dynbss)
 *(.bss .bss.* .gnu.linkonce.b.*)
 .bss           0x00005868        0x0 ../hello_world_bsp//obj/HAL/src/crt0.o
 .bss           0x00005868        0x0 obj/default/hello_world.o
 .bss           0x00005868        0x0 h:/quartusii_13.1/nios2eds/bin/gnu/h-i686-mingw32/bin/../lib/gcc/nios2-elf/4.7.3/../../../../../H-i686-mingw32/nios2-elf/lib\libsmallc.a(lib_a-puts.o)
 .bss           0x00005868        0x0 h:/quartusii_13.1/nios2eds/bin/gnu/h-i686-mingw32/bin/../lib/gcc/nios2-elf/4.7.3/../../../../../H-i686-mingw32/nios2-elf/lib\libsmallc.a(lib_a-strlen.o)
 .bss           0x00005868        0x0 h:/quartusii_13.1/nios2eds/bin/gnu/h-i686-mingw32/bin/../lib/gcc/nios2-elf/4.7.3/../../../../../H-i686-mingw32/nios2-elf/lib\libsmallc.a(lib_a-fvwrite_small_dev.o)
 .bss           0x00005868        0x0 h:/quartusii_13.1/nios2eds/bin/gnu/h-i686-mingw32/bin/../lib/gcc/nios2-elf/4.7.3/../../../../../H-i686-mingw32/nios2-elf/lib\libsmallc.a(lib_a-impure.o)
 .bss           0x00005868        0x0 h:/quartusii_13.1/nios2eds/bin/gnu/h-i686-mingw32/bin/../lib/gcc/nios2-elf/4.7.3/../../../../../H-i686-mingw32/nios2-elf/lib\libsmallc.a(lib_a-writer.o)
 .bss           0x00005868        0x0 h:/quartusii_13.1/nios2eds/bin/gnu/h-i686-mingw32/bin/../lib/gcc/nios2-elf/4.7.3/../../../../../H-i686-mingw32/nios2-elf/lib\libsmallc.a(lib_a-int_errno.o)
 .bss           0x00005868        0x0 ../hello_world_bsp/\libhal_bsp.a(alt_load.o)
 .bss           0x00005868        0x0 ../hello_world_bsp/\libhal_bsp.a(alt_main.o)
 .bss           0x00005868        0x0 ../hello_world_bsp/\libhal_bsp.a(alt_write.o)
 .bss           0x00005868        0x0 ../hello_world_bsp/\libhal_bsp.a(alt_sys_init.o)
 .bss           0x00005868        0x0 ../hello_world_bsp/\libhal_bsp.a(altera_avalon_jtag_uart_fd.o)
 .bss           0x00005868        0x0 ../hello_world_bsp/\libhal_bsp.a(altera_avalon_jtag_uart_read.o)
 .bss           0x00005868        0x0 ../hello_world_bsp/\libhal_bsp.a(altera_avalon_jtag_uart_write.o)
 .bss           0x00005868        0x0 ../hello_world_bsp/\libhal_bsp.a(alt_close.o)
 .bss           0x00005868        0x0 ../hello_world_bsp/\libhal_bsp.a(alt_dcache_flush_all.o)
 .bss           0x00005868        0x0 ../hello_world_bsp/\libhal_bsp.a(alt_dev.o)
 .bss           0x00005868        0x0 ../hello_world_bsp/\libhal_bsp.a(alt_dev_llist_insert.o)
 .bss           0x00005868        0x0 ../hello_world_bsp/\libhal_bsp.a(alt_errno.o)
 .bss           0x00005868        0x0 ../hello_world_bsp/\libhal_bsp.a(alt_exit.o)
 .bss           0x00005868        0x0 ../hello_world_bsp/\libhal_bsp.a(alt_icache_flush_all.o)
 .bss           0x00005868        0x0 ../hello_world_bsp/\libhal_bsp.a(alt_io_redirect.o)
 .bss           0x00005868        0x0 ../hello_world_bsp/\libhal_bsp.a(alt_open.o)
 .bss           0x00005868        0x0 ../hello_world_bsp/\libhal_bsp.a(alt_release_fd.o)
 .bss           0x00005868        0x0 ../hello_world_bsp/\libhal_bsp.a(altera_nios2_qsys_irq.o)
 .bss           0x00005868        0x0 ../hello_world_bsp/\libhal_bsp.a(alt_find_dev.o)
 .bss           0x00005868        0x0 ../hello_world_bsp/\libhal_bsp.a(alt_find_file.o)
 .bss           0x00005868        0x0 ../hello_world_bsp/\libhal_bsp.a(alt_get_fd.o)
 .bss           0x00005868        0x0 ../hello_world_bsp/\libhal_bsp.a(alt_icache_flush.o)
 .bss           0x00005868        0x0 h:/quartusii_13.1/nios2eds/bin/gnu/h-i686-mingw32/bin/../lib/gcc/nios2-elf/4.7.3/../../../../../H-i686-mingw32/nios2-elf/lib\libsmallc.a(lib_a-memcmp.o)
 *(COMMON)
                0x00005868                . = ALIGN (0x4)
                0x00005868                __bss_end = ABSOLUTE (.)

.ram            0x00005868        0x0
                0x00005868                PROVIDE (_alt_partition_ram_start, ABSOLUTE (.))
 *(.ram .ram. ram.*)
                0x00005868                . = ALIGN (0x4)
                0x00005868                PROVIDE (_alt_partition_ram_end, ABSOLUTE (.))
                0x00005868                _end = ABSOLUTE (.)
                0x00005868                end = ABSOLUTE (.)
                0x00005868                __alt_stack_base = ABSOLUTE (.)
                0x00005868                PROVIDE (_alt_partition_ram_load_addr, LOADADDR (.ram))

.stab
 *(.stab)

.stabstr
 *(.stabstr)

.stab.excl
 *(.stab.excl)

.stab.exclstr
 *(.stab.exclstr)

.stab.index
 *(.stab.index)

.stab.indexstr
 *(.stab.indexstr)

.comment        0x00000000       0x23
 *(.comment)
 .comment       0x00000000       0x23 obj/default/hello_world.o
                                 0x24 (size before relaxing)
 .comment       0x00000000       0x24 h:/quartusii_13.1/nios2eds/bin/gnu/h-i686-mingw32/bin/../lib/gcc/nios2-elf/4.7.3/../../../../../H-i686-mingw32/nios2-elf/lib\libsmallc.a(lib_a-puts.o)
 .comment       0x00000000       0x24 h:/quartusii_13.1/nios2eds/bin/gnu/h-i686-mingw32/bin/../lib/gcc/nios2-elf/4.7.3/../../../../../H-i686-mingw32/nios2-elf/lib\libsmallc.a(lib_a-strlen.o)
 .comment       0x00000000       0x24 h:/quartusii_13.1/nios2eds/bin/gnu/h-i686-mingw32/bin/../lib/gcc/nios2-elf/4.7.3/../../../../../H-i686-mingw32/nios2-elf/lib\libsmallc.a(lib_a-fvwrite_small_dev.o)
 .comment       0x00000000       0x24 h:/quartusii_13.1/nios2eds/bin/gnu/h-i686-mingw32/bin/../lib/gcc/nios2-elf/4.7.3/../../../../../H-i686-mingw32/nios2-elf/lib\libsmallc.a(lib_a-impure.o)
 .comment       0x00000000       0x24 h:/quartusii_13.1/nios2eds/bin/gnu/h-i686-mingw32/bin/../lib/gcc/nios2-elf/4.7.3/../../../../../H-i686-mingw32/nios2-elf/lib\libsmallc.a(lib_a-writer.o)
 .comment       0x00000000       0x24 h:/quartusii_13.1/nios2eds/bin/gnu/h-i686-mingw32/bin/../lib/gcc/nios2-elf/4.7.3/../../../../../H-i686-mingw32/nios2-elf/lib\libsmallc.a(lib_a-int_errno.o)
 .comment       0x00000000       0x24 ../hello_world_bsp/\libhal_bsp.a(alt_load.o)
 .comment       0x00000000       0x24 ../hello_world_bsp/\libhal_bsp.a(alt_main.o)
 .comment       0x00000000       0x24 ../hello_world_bsp/\libhal_bsp.a(alt_write.o)
 .comment       0x00000000       0x24 ../hello_world_bsp/\libhal_bsp.a(alt_sys_init.o)
 .comment       0x00000000       0x24 ../hello_world_bsp/\libhal_bsp.a(altera_avalon_jtag_uart_fd.o)
 .comment       0x00000000       0x24 ../hello_world_bsp/\libhal_bsp.a(altera_avalon_jtag_uart_read.o)
 .comment       0x00000000       0x24 ../hello_world_bsp/\libhal_bsp.a(altera_avalon_jtag_uart_write.o)
 .comment       0x00000000       0x24 ../hello_world_bsp/\libhal_bsp.a(alt_close.o)
 .comment       0x00000000       0x24 ../hello_world_bsp/\libhal_bsp.a(alt_dcache_flush_all.o)
 .comment       0x00000000       0x24 ../hello_world_bsp/\libhal_bsp.a(alt_dev.o)
 .comment       0x00000000       0x24 ../hello_world_bsp/\libhal_bsp.a(alt_dev_llist_insert.o)
 .comment       0x00000000       0x24 ../hello_world_bsp/\libhal_bsp.a(alt_errno.o)
 .comment       0x00000000       0x24 ../hello_world_bsp/\libhal_bsp.a(alt_exit.o)
 .comment       0x00000000       0x24 ../hello_world_bsp/\libhal_bsp.a(alt_icache_flush_all.o)
 .comment       0x00000000       0x24 ../hello_world_bsp/\libhal_bsp.a(alt_io_redirect.o)
 .comment       0x00000000       0x24 ../hello_world_bsp/\libhal_bsp.a(alt_open.o)
 .comment       0x00000000       0x24 ../hello_world_bsp/\libhal_bsp.a(alt_release_fd.o)
 .comment       0x00000000       0x24 ../hello_world_bsp/\libhal_bsp.a(altera_nios2_qsys_irq.o)
 .comment       0x00000000       0x24 ../hello_world_bsp/\libhal_bsp.a(alt_find_dev.o)
 .comment       0x00000000       0x24 ../hello_world_bsp/\libhal_bsp.a(alt_find_file.o)
 .comment       0x00000000       0x24 ../hello_world_bsp/\libhal_bsp.a(alt_get_fd.o)
 .comment       0x00000000       0x24 ../hello_world_bsp/\libhal_bsp.a(alt_icache_flush.o)
 .comment       0x00000000       0x24 h:/quartusii_13.1/nios2eds/bin/gnu/h-i686-mingw32/bin/../lib/gcc/nios2-elf/4.7.3/../../../../../H-i686-mingw32/nios2-elf/lib\libsmallc.a(lib_a-memcmp.o)

.debug
 *(.debug)

.line
 *(.line)

.debug_srcinfo
 *(.debug_srcinfo)

.debug_sfnames
 *(.debug_sfnames)

.debug_aranges  0x00000000      0x3d0
 *(.debug_aranges)
 .debug_aranges
                0x00000000       0x28 ../hello_world_bsp//obj/HAL/src/crt0.o
 .debug_aranges
                0x00000028       0x20 obj/default/hello_world.o
 .debug_aranges
                0x00000048       0x20 h:/quartusii_13.1/nios2eds/bin/gnu/h-i686-mingw32/bin/../lib/gcc/nios2-elf/4.7.3/../../../../../H-i686-mingw32/nios2-elf/lib\libsmallc.a(lib_a-puts.o)
 .debug_aranges
                0x00000068       0x20 h:/quartusii_13.1/nios2eds/bin/gnu/h-i686-mingw32/bin/../lib/gcc/nios2-elf/4.7.3/../../../../../H-i686-mingw32/nios2-elf/lib\libsmallc.a(lib_a-strlen.o)
 .debug_aranges
                0x00000088       0x20 h:/quartusii_13.1/nios2eds/bin/gnu/h-i686-mingw32/bin/../lib/gcc/nios2-elf/4.7.3/../../../../../H-i686-mingw32/nios2-elf/lib\libsmallc.a(lib_a-fvwrite_small_dev.o)
 .debug_aranges
                0x000000a8       0x18 h:/quartusii_13.1/nios2eds/bin/gnu/h-i686-mingw32/bin/../lib/gcc/nios2-elf/4.7.3/../../../../../H-i686-mingw32/nios2-elf/lib\libsmallc.a(lib_a-impure.o)
 .debug_aranges
                0x000000c0       0x20 h:/quartusii_13.1/nios2eds/bin/gnu/h-i686-mingw32/bin/../lib/gcc/nios2-elf/4.7.3/../../../../../H-i686-mingw32/nios2-elf/lib\libsmallc.a(lib_a-writer.o)
 .debug_aranges
                0x000000e0       0x18 h:/quartusii_13.1/nios2eds/bin/gnu/h-i686-mingw32/bin/../lib/gcc/nios2-elf/4.7.3/../../../../../H-i686-mingw32/nios2-elf/lib\libsmallc.a(lib_a-int_errno.o)
 .debug_aranges
                0x000000f8       0x20 ../hello_world_bsp/\libhal_bsp.a(alt_load.o)
 .debug_aranges
                0x00000118       0x20 ../hello_world_bsp/\libhal_bsp.a(alt_main.o)
 .debug_aranges
                0x00000138       0x20 ../hello_world_bsp/\libhal_bsp.a(alt_write.o)
 .debug_aranges
                0x00000158       0x20 ../hello_world_bsp/\libhal_bsp.a(alt_sys_init.o)
 .debug_aranges
                0x00000178       0x20 ../hello_world_bsp/\libhal_bsp.a(altera_avalon_jtag_uart_fd.o)
 .debug_aranges
                0x00000198       0x20 ../hello_world_bsp/\libhal_bsp.a(altera_avalon_jtag_uart_read.o)
 .debug_aranges
                0x000001b8       0x20 ../hello_world_bsp/\libhal_bsp.a(altera_avalon_jtag_uart_write.o)
 .debug_aranges
                0x000001d8       0x20 ../hello_world_bsp/\libhal_bsp.a(alt_close.o)
 .debug_aranges
                0x000001f8       0x20 ../hello_world_bsp/\libhal_bsp.a(alt_dcache_flush_all.o)
 .debug_aranges
                0x00000218       0x20 ../hello_world_bsp/\libhal_bsp.a(alt_dev.o)
 .debug_aranges
                0x00000238       0x20 ../hello_world_bsp/\libhal_bsp.a(alt_dev_llist_insert.o)
 .debug_aranges
                0x00000258       0x18 ../hello_world_bsp/\libhal_bsp.a(alt_errno.o)
 .debug_aranges
                0x00000270       0x20 ../hello_world_bsp/\libhal_bsp.a(alt_exit.o)
 .debug_aranges
                0x00000290       0x20 ../hello_world_bsp/\libhal_bsp.a(alt_icache_flush_all.o)
 .debug_aranges
                0x000002b0       0x20 ../hello_world_bsp/\libhal_bsp.a(alt_io_redirect.o)
 .debug_aranges
                0x000002d0       0x20 ../hello_world_bsp/\libhal_bsp.a(alt_open.o)
 .debug_aranges
                0x000002f0       0x20 ../hello_world_bsp/\libhal_bsp.a(alt_release_fd.o)
 .debug_aranges
                0x00000310       0x20 ../hello_world_bsp/\libhal_bsp.a(altera_nios2_qsys_irq.o)
 .debug_aranges
                0x00000330       0x20 ../hello_world_bsp/\libhal_bsp.a(alt_find_dev.o)
 .debug_aranges
                0x00000350       0x20 ../hello_world_bsp/\libhal_bsp.a(alt_find_file.o)
 .debug_aranges
                0x00000370       0x20 ../hello_world_bsp/\libhal_bsp.a(alt_get_fd.o)
 .debug_aranges
                0x00000390       0x20 ../hello_world_bsp/\libhal_bsp.a(alt_icache_flush.o)
 .debug_aranges
                0x000003b0       0x20 h:/quartusii_13.1/nios2eds/bin/gnu/h-i686-mingw32/bin/../lib/gcc/nios2-elf/4.7.3/../../../../../H-i686-mingw32/nios2-elf/lib\libsmallc.a(lib_a-memcmp.o)

.debug_pubnames
 *(.debug_pubnames)

.debug_info     0x00000000     0x53f3
 *(.debug_info .gnu.linkonce.wi.*)
 .debug_info    0x00000000       0x6e ../hello_world_bsp//obj/HAL/src/crt0.o
 .debug_info    0x0000006e       0xaa obj/default/hello_world.o
 .debug_info    0x00000118      0x6f4 h:/quartusii_13.1/nios2eds/bin/gnu/h-i686-mingw32/bin/../lib/gcc/nios2-elf/4.7.3/../../../../../H-i686-mingw32/nios2-elf/lib\libsmallc.a(lib_a-puts.o)
 .debug_info    0x0000080c       0xc6 h:/quartusii_13.1/nios2eds/bin/gnu/h-i686-mingw32/bin/../lib/gcc/nios2-elf/4.7.3/../../../../../H-i686-mingw32/nios2-elf/lib\libsmallc.a(lib_a-strlen.o)
 .debug_info    0x000008d2      0x6d9 h:/quartusii_13.1/nios2eds/bin/gnu/h-i686-mingw32/bin/../lib/gcc/nios2-elf/4.7.3/../../../../../H-i686-mingw32/nios2-elf/lib\libsmallc.a(lib_a-fvwrite_small_dev.o)
 .debug_info    0x00000fab      0x631 h:/quartusii_13.1/nios2eds/bin/gnu/h-i686-mingw32/bin/../lib/gcc/nios2-elf/4.7.3/../../../../../H-i686-mingw32/nios2-elf/lib\libsmallc.a(lib_a-impure.o)
 .debug_info    0x000015dc      0x6cb h:/quartusii_13.1/nios2eds/bin/gnu/h-i686-mingw32/bin/../lib/gcc/nios2-elf/4.7.3/../../../../../H-i686-mingw32/nios2-elf/lib\libsmallc.a(lib_a-writer.o)
 .debug_info    0x00001ca7       0x84 h:/quartusii_13.1/nios2eds/bin/gnu/h-i686-mingw32/bin/../lib/gcc/nios2-elf/4.7.3/../../../../../H-i686-mingw32/nios2-elf/lib\libsmallc.a(lib_a-int_errno.o)
 .debug_info    0x00001d2b      0x135 ../hello_world_bsp/\libhal_bsp.a(alt_load.o)
 .debug_info    0x00001e60      0x139 ../hello_world_bsp/\libhal_bsp.a(alt_main.o)
 .debug_info    0x00001f99      0x507 ../hello_world_bsp/\libhal_bsp.a(alt_write.o)
 .debug_info    0x000024a0      0x406 ../hello_world_bsp/\libhal_bsp.a(alt_sys_init.o)
 .debug_info    0x000028a6      0x3da ../hello_world_bsp/\libhal_bsp.a(altera_avalon_jtag_uart_fd.o)
 .debug_info    0x00002c80      0x1bc ../hello_world_bsp/\libhal_bsp.a(altera_avalon_jtag_uart_read.o)
 .debug_info    0x00002e3c      0x19f ../hello_world_bsp/\libhal_bsp.a(altera_avalon_jtag_uart_write.o)
 .debug_info    0x00002fdb      0x350 ../hello_world_bsp/\libhal_bsp.a(alt_close.o)
 .debug_info    0x0000332b       0xa3 ../hello_world_bsp/\libhal_bsp.a(alt_dcache_flush_all.o)
 .debug_info    0x000033ce      0x4e3 ../hello_world_bsp/\libhal_bsp.a(alt_dev.o)
 .debug_info    0x000038b1      0x1b9 ../hello_world_bsp/\libhal_bsp.a(alt_dev_llist_insert.o)
 .debug_info    0x00003a6a       0xa3 ../hello_world_bsp/\libhal_bsp.a(alt_errno.o)
 .debug_info    0x00003b0d       0xec ../hello_world_bsp/\libhal_bsp.a(alt_exit.o)
 .debug_info    0x00003bf9       0x90 ../hello_world_bsp/\libhal_bsp.a(alt_icache_flush_all.o)
 .debug_info    0x00003c89      0x4f0 ../hello_world_bsp/\libhal_bsp.a(alt_io_redirect.o)
 .debug_info    0x00004179      0x3f0 ../hello_world_bsp/\libhal_bsp.a(alt_open.o)
 .debug_info    0x00004569      0x2dd ../hello_world_bsp/\libhal_bsp.a(alt_release_fd.o)
 .debug_info    0x00004846       0x90 ../hello_world_bsp/\libhal_bsp.a(altera_nios2_qsys_irq.o)
 .debug_info    0x000048d6      0x30d ../hello_world_bsp/\libhal_bsp.a(alt_find_dev.o)
 .debug_info    0x00004be3      0x30c ../hello_world_bsp/\libhal_bsp.a(alt_find_file.o)
 .debug_info    0x00004eef      0x339 ../hello_world_bsp/\libhal_bsp.a(alt_get_fd.o)
 .debug_info    0x00005228       0xda ../hello_world_bsp/\libhal_bsp.a(alt_icache_flush.o)
 .debug_info    0x00005302       0xf1 h:/quartusii_13.1/nios2eds/bin/gnu/h-i686-mingw32/bin/../lib/gcc/nios2-elf/4.7.3/../../../../../H-i686-mingw32/nios2-elf/lib\libsmallc.a(lib_a-memcmp.o)

.debug_abbrev   0x00000000     0x1a0e
 *(.debug_abbrev)
 .debug_abbrev  0x00000000       0x12 ../hello_world_bsp//obj/HAL/src/crt0.o
 .debug_abbrev  0x00000012       0x5a obj/default/hello_world.o
 .debug_abbrev  0x0000006c      0x1d4 h:/quartusii_13.1/nios2eds/bin/gnu/h-i686-mingw32/bin/../lib/gcc/nios2-elf/4.7.3/../../../../../H-i686-mingw32/nios2-elf/lib\libsmallc.a(lib_a-puts.o)
 .debug_abbrev  0x00000240       0x7f h:/quartusii_13.1/nios2eds/bin/gnu/h-i686-mingw32/bin/../lib/gcc/nios2-elf/4.7.3/../../../../../H-i686-mingw32/nios2-elf/lib\libsmallc.a(lib_a-strlen.o)
 .debug_abbrev  0x000002bf      0x1a8 h:/quartusii_13.1/nios2eds/bin/gnu/h-i686-mingw32/bin/../lib/gcc/nios2-elf/4.7.3/../../../../../H-i686-mingw32/nios2-elf/lib\libsmallc.a(lib_a-fvwrite_small_dev.o)
 .debug_abbrev  0x00000467      0x13b h:/quartusii_13.1/nios2eds/bin/gnu/h-i686-mingw32/bin/../lib/gcc/nios2-elf/4.7.3/../../../../../H-i686-mingw32/nios2-elf/lib\libsmallc.a(lib_a-impure.o)
 .debug_abbrev  0x000005a2      0x199 h:/quartusii_13.1/nios2eds/bin/gnu/h-i686-mingw32/bin/../lib/gcc/nios2-elf/4.7.3/../../../../../H-i686-mingw32/nios2-elf/lib\libsmallc.a(lib_a-writer.o)
 .debug_abbrev  0x0000073b       0x37 h:/quartusii_13.1/nios2eds/bin/gnu/h-i686-mingw32/bin/../lib/gcc/nios2-elf/4.7.3/../../../../../H-i686-mingw32/nios2-elf/lib\libsmallc.a(lib_a-int_errno.o)
 .debug_abbrev  0x00000772       0x9d ../hello_world_bsp/\libhal_bsp.a(alt_load.o)
 .debug_abbrev  0x0000080f       0xba ../hello_world_bsp/\libhal_bsp.a(alt_main.o)
 .debug_abbrev  0x000008c9      0x133 ../hello_world_bsp/\libhal_bsp.a(alt_write.o)
 .debug_abbrev  0x000009fc      0x155 ../hello_world_bsp/\libhal_bsp.a(alt_sys_init.o)
 .debug_abbrev  0x00000b51       0xf7 ../hello_world_bsp/\libhal_bsp.a(altera_avalon_jtag_uart_fd.o)
 .debug_abbrev  0x00000c48       0xd5 ../hello_world_bsp/\libhal_bsp.a(altera_avalon_jtag_uart_read.o)
 .debug_abbrev  0x00000d1d       0xd5 ../hello_world_bsp/\libhal_bsp.a(altera_avalon_jtag_uart_write.o)
 .debug_abbrev  0x00000df2      0x11f ../hello_world_bsp/\libhal_bsp.a(alt_close.o)
 .debug_abbrev  0x00000f11       0x5a ../hello_world_bsp/\libhal_bsp.a(alt_dcache_flush_all.o)
 .debug_abbrev  0x00000f6b       0xd9 ../hello_world_bsp/\libhal_bsp.a(alt_dev.o)
 .debug_abbrev  0x00001044      0x114 ../hello_world_bsp/\libhal_bsp.a(alt_dev_llist_insert.o)
 .debug_abbrev  0x00001158       0x5a ../hello_world_bsp/\libhal_bsp.a(alt_errno.o)
 .debug_abbrev  0x000011b2       0xa6 ../hello_world_bsp/\libhal_bsp.a(alt_exit.o)
 .debug_abbrev  0x00001258       0x42 ../hello_world_bsp/\libhal_bsp.a(alt_icache_flush_all.o)
 .debug_abbrev  0x0000129a      0x114 ../hello_world_bsp/\libhal_bsp.a(alt_io_redirect.o)
 .debug_abbrev  0x000013ae      0x148 ../hello_world_bsp/\libhal_bsp.a(alt_open.o)
 .debug_abbrev  0x000014f6       0xde ../hello_world_bsp/\libhal_bsp.a(alt_release_fd.o)
 .debug_abbrev  0x000015d4       0x42 ../hello_world_bsp/\libhal_bsp.a(altera_nios2_qsys_irq.o)
 .debug_abbrev  0x00001616       0xf0 ../hello_world_bsp/\libhal_bsp.a(alt_find_dev.o)
 .debug_abbrev  0x00001706       0xf0 ../hello_world_bsp/\libhal_bsp.a(alt_find_file.o)
 .debug_abbrev  0x000017f6      0x10d ../hello_world_bsp/\libhal_bsp.a(alt_get_fd.o)
 .debug_abbrev  0x00001903       0x8c ../hello_world_bsp/\libhal_bsp.a(alt_icache_flush.o)
 .debug_abbrev  0x0000198f       0x7f h:/quartusii_13.1/nios2eds/bin/gnu/h-i686-mingw32/bin/../lib/gcc/nios2-elf/4.7.3/../../../../../H-i686-mingw32/nios2-elf/lib\libsmallc.a(lib_a-memcmp.o)

.debug_line     0x00000000     0x1e4b
 *(.debug_line)
 .debug_line    0x00000000       0x72 ../hello_world_bsp//obj/HAL/src/crt0.o
 .debug_line    0x00000072       0x47 obj/default/hello_world.o
 .debug_line    0x000000b9      0x20f h:/quartusii_13.1/nios2eds/bin/gnu/h-i686-mingw32/bin/../lib/gcc/nios2-elf/4.7.3/../../../../../H-i686-mingw32/nios2-elf/lib\libsmallc.a(lib_a-puts.o)
 .debug_line    0x000002c8      0x171 h:/quartusii_13.1/nios2eds/bin/gnu/h-i686-mingw32/bin/../lib/gcc/nios2-elf/4.7.3/../../../../../H-i686-mingw32/nios2-elf/lib\libsmallc.a(lib_a-strlen.o)
 .debug_line    0x00000439      0x222 h:/quartusii_13.1/nios2eds/bin/gnu/h-i686-mingw32/bin/../lib/gcc/nios2-elf/4.7.3/../../../../../H-i686-mingw32/nios2-elf/lib\libsmallc.a(lib_a-fvwrite_small_dev.o)
 .debug_line    0x0000065b      0x169 h:/quartusii_13.1/nios2eds/bin/gnu/h-i686-mingw32/bin/../lib/gcc/nios2-elf/4.7.3/../../../../../H-i686-mingw32/nios2-elf/lib\libsmallc.a(lib_a-impure.o)
 .debug_line    0x000007c4      0x209 h:/quartusii_13.1/nios2eds/bin/gnu/h-i686-mingw32/bin/../lib/gcc/nios2-elf/4.7.3/../../../../../H-i686-mingw32/nios2-elf/lib\libsmallc.a(lib_a-writer.o)
 .debug_line    0x000009cd       0x5d h:/quartusii_13.1/nios2eds/bin/gnu/h-i686-mingw32/bin/../lib/gcc/nios2-elf/4.7.3/../../../../../H-i686-mingw32/nios2-elf/lib\libsmallc.a(lib_a-int_errno.o)
 .debug_line    0x00000a2a       0x92 ../hello_world_bsp/\libhal_bsp.a(alt_load.o)
 .debug_line    0x00000abc       0x9e ../hello_world_bsp/\libhal_bsp.a(alt_main.o)
 .debug_line    0x00000b5a      0x1fe ../hello_world_bsp/\libhal_bsp.a(alt_write.o)
 .debug_line    0x00000d58      0x127 ../hello_world_bsp/\libhal_bsp.a(alt_sys_init.o)
 .debug_line    0x00000e7f      0x114 ../hello_world_bsp/\libhal_bsp.a(altera_avalon_jtag_uart_fd.o)
 .debug_line    0x00000f93      0x101 ../hello_world_bsp/\libhal_bsp.a(altera_avalon_jtag_uart_read.o)
 .debug_line    0x00001094       0xf8 ../hello_world_bsp/\libhal_bsp.a(altera_avalon_jtag_uart_write.o)
 .debug_line    0x0000118c      0x189 ../hello_world_bsp/\libhal_bsp.a(alt_close.o)
 .debug_line    0x00001315       0x61 ../hello_world_bsp/\libhal_bsp.a(alt_dcache_flush_all.o)
 .debug_line    0x00001376      0x11c ../hello_world_bsp/\libhal_bsp.a(alt_dev.o)
 .debug_line    0x00001492       0xd0 ../hello_world_bsp/\libhal_bsp.a(alt_dev_llist_insert.o)
 .debug_line    0x00001562       0x51 ../hello_world_bsp/\libhal_bsp.a(alt_errno.o)
 .debug_line    0x000015b3       0x71 ../hello_world_bsp/\libhal_bsp.a(alt_exit.o)
 .debug_line    0x00001624       0x50 ../hello_world_bsp/\libhal_bsp.a(alt_icache_flush_all.o)
 .debug_line    0x00001674      0x157 ../hello_world_bsp/\libhal_bsp.a(alt_io_redirect.o)
 .debug_line    0x000017cb      0x125 ../hello_world_bsp/\libhal_bsp.a(alt_open.o)
 .debug_line    0x000018f0       0xae ../hello_world_bsp/\libhal_bsp.a(alt_release_fd.o)
 .debug_line    0x0000199e       0x51 ../hello_world_bsp/\libhal_bsp.a(altera_nios2_qsys_irq.o)
 .debug_line    0x000019ef       0xb9 ../hello_world_bsp/\libhal_bsp.a(alt_find_dev.o)
 .debug_line    0x00001aa8       0xd5 ../hello_world_bsp/\libhal_bsp.a(alt_find_file.o)
 .debug_line    0x00001b7d       0xd1 ../hello_world_bsp/\libhal_bsp.a(alt_get_fd.o)
 .debug_line    0x00001c4e       0x81 ../hello_world_bsp/\libhal_bsp.a(alt_icache_flush.o)
 .debug_line    0x00001ccf      0x17c h:/quartusii_13.1/nios2eds/bin/gnu/h-i686-mingw32/bin/../lib/gcc/nios2-elf/4.7.3/../../../../../H-i686-mingw32/nios2-elf/lib\libsmallc.a(lib_a-memcmp.o)

.debug_frame    0x00000000      0x5b8
 *(.debug_frame)
 .debug_frame   0x00000000       0x2c obj/default/hello_world.o
 .debug_frame   0x0000002c       0x3c h:/quartusii_13.1/nios2eds/bin/gnu/h-i686-mingw32/bin/../lib/gcc/nios2-elf/4.7.3/../../../../../H-i686-mingw32/nios2-elf/lib\libsmallc.a(lib_a-puts.o)
 .debug_frame   0x00000068       0x20 h:/quartusii_13.1/nios2eds/bin/gnu/h-i686-mingw32/bin/../lib/gcc/nios2-elf/4.7.3/../../../../../H-i686-mingw32/nios2-elf/lib\libsmallc.a(lib_a-strlen.o)
 .debug_frame   0x00000088       0x30 h:/quartusii_13.1/nios2eds/bin/gnu/h-i686-mingw32/bin/../lib/gcc/nios2-elf/4.7.3/../../../../../H-i686-mingw32/nios2-elf/lib\libsmallc.a(lib_a-fvwrite_small_dev.o)
 .debug_frame   0x000000b8       0x2c h:/quartusii_13.1/nios2eds/bin/gnu/h-i686-mingw32/bin/../lib/gcc/nios2-elf/4.7.3/../../../../../H-i686-mingw32/nios2-elf/lib\libsmallc.a(lib_a-writer.o)
 .debug_frame   0x000000e4       0x48 ../hello_world_bsp/\libhal_bsp.a(alt_load.o)
 .debug_frame   0x0000012c       0x2c ../hello_world_bsp/\libhal_bsp.a(alt_main.o)
 .debug_frame   0x00000158       0x48 ../hello_world_bsp/\libhal_bsp.a(alt_write.o)
 .debug_frame   0x000001a0       0x64 ../hello_world_bsp/\libhal_bsp.a(alt_sys_init.o)
 .debug_frame   0x00000204       0x48 ../hello_world_bsp/\libhal_bsp.a(altera_avalon_jtag_uart_fd.o)
 .debug_frame   0x0000024c       0x2c ../hello_world_bsp/\libhal_bsp.a(altera_avalon_jtag_uart_read.o)
 .debug_frame   0x00000278       0x2c ../hello_world_bsp/\libhal_bsp.a(altera_avalon_jtag_uart_write.o)
 .debug_frame   0x000002a4       0x48 ../hello_world_bsp/\libhal_bsp.a(alt_close.o)
 .debug_frame   0x000002ec       0x2c ../hello_world_bsp/\libhal_bsp.a(alt_dcache_flush_all.o)
 .debug_frame   0x00000318       0x2c ../hello_world_bsp/\libhal_bsp.a(alt_dev.o)
 .debug_frame   0x00000344       0x48 ../hello_world_bsp/\libhal_bsp.a(alt_dev_llist_insert.o)
 .debug_frame   0x0000038c       0x2c ../hello_world_bsp/\libhal_bsp.a(alt_exit.o)
 .debug_frame   0x000003b8       0x2c ../hello_world_bsp/\libhal_bsp.a(alt_icache_flush_all.o)
 .debug_frame   0x000003e4       0x48 ../hello_world_bsp/\libhal_bsp.a(alt_io_redirect.o)
 .debug_frame   0x0000042c       0x64 ../hello_world_bsp/\libhal_bsp.a(alt_open.o)
 .debug_frame   0x00000490       0x2c ../hello_world_bsp/\libhal_bsp.a(alt_release_fd.o)
 .debug_frame   0x000004bc       0x2c ../hello_world_bsp/\libhal_bsp.a(altera_nios2_qsys_irq.o)
 .debug_frame   0x000004e8       0x2c ../hello_world_bsp/\libhal_bsp.a(alt_find_dev.o)
 .debug_frame   0x00000514       0x2c ../hello_world_bsp/\libhal_bsp.a(alt_find_file.o)
 .debug_frame   0x00000540       0x2c ../hello_world_bsp/\libhal_bsp.a(alt_get_fd.o)
 .debug_frame   0x0000056c       0x2c ../hello_world_bsp/\libhal_bsp.a(alt_icache_flush.o)
 .debug_frame   0x00000598       0x20 h:/quartusii_13.1/nios2eds/bin/gnu/h-i686-mingw32/bin/../lib/gcc/nios2-elf/4.7.3/../../../../../H-i686-mingw32/nios2-elf/lib\libsmallc.a(lib_a-memcmp.o)

.debug_str      0x00000000      0xf21
 *(.debug_str)
 .debug_str     0x00000000       0xa9 obj/default/hello_world.o
                                 0xe7 (size before relaxing)
 .debug_str     0x000000a9      0x383 h:/quartusii_13.1/nios2eds/bin/gnu/h-i686-mingw32/bin/../lib/gcc/nios2-elf/4.7.3/../../../../../H-i686-mingw32/nios2-elf/lib\libsmallc.a(lib_a-puts.o)
                                0x455 (size before relaxing)
 .debug_str     0x0000042c       0xd0 h:/quartusii_13.1/nios2eds/bin/gnu/h-i686-mingw32/bin/../lib/gcc/nios2-elf/4.7.3/../../../../../H-i686-mingw32/nios2-elf/lib\libsmallc.a(lib_a-strlen.o)
                                0x182 (size before relaxing)
 .debug_str     0x000004fc       0x7f h:/quartusii_13.1/nios2eds/bin/gnu/h-i686-mingw32/bin/../lib/gcc/nios2-elf/4.7.3/../../../../../H-i686-mingw32/nios2-elf/lib\libsmallc.a(lib_a-fvwrite_small_dev.o)
                                0x481 (size before relaxing)
 .debug_str     0x0000057b       0xed h:/quartusii_13.1/nios2eds/bin/gnu/h-i686-mingw32/bin/../lib/gcc/nios2-elf/4.7.3/../../../../../H-i686-mingw32/nios2-elf/lib\libsmallc.a(lib_a-impure.o)
                                0x45b (size before relaxing)
 .debug_str     0x00000668       0x3a h:/quartusii_13.1/nios2eds/bin/gnu/h-i686-mingw32/bin/../lib/gcc/nios2-elf/4.7.3/../../../../../H-i686-mingw32/nios2-elf/lib\libsmallc.a(lib_a-writer.o)
                                0x455 (size before relaxing)
 .debug_str     0x000006a2       0x3d h:/quartusii_13.1/nios2eds/bin/gnu/h-i686-mingw32/bin/../lib/gcc/nios2-elf/4.7.3/../../../../../H-i686-mingw32/nios2-elf/lib\libsmallc.a(lib_a-int_errno.o)
                                0x175 (size before relaxing)
 .debug_str     0x000006df      0x12b ../hello_world_bsp/\libhal_bsp.a(alt_load.o)
                                0x1c9 (size before relaxing)
 .debug_str     0x0000080a       0x70 ../hello_world_bsp/\libhal_bsp.a(alt_main.o)
                                0x154 (size before relaxing)
 .debug_str     0x0000087a      0x166 ../hello_world_bsp/\libhal_bsp.a(alt_write.o)
                                0x2af (size before relaxing)
 .debug_str     0x000009e0      0x105 ../hello_world_bsp/\libhal_bsp.a(alt_sys_init.o)
                                0x28b (size before relaxing)
 .debug_str     0x00000ae5       0x77 ../hello_world_bsp/\libhal_bsp.a(altera_avalon_jtag_uart_fd.o)
                                0x28c (size before relaxing)
 .debug_str     0x00000b5c       0x48 ../hello_world_bsp/\libhal_bsp.a(altera_avalon_jtag_uart_read.o)
                                0x1d6 (size before relaxing)
 .debug_str     0x00000ba4       0x4a ../hello_world_bsp/\libhal_bsp.a(altera_avalon_jtag_uart_write.o)
                                0x1cc (size before relaxing)
 .debug_str     0x00000bee       0x1b ../hello_world_bsp/\libhal_bsp.a(alt_close.o)
                                0x1c2 (size before relaxing)
 .debug_str     0x00000c09       0x34 ../hello_world_bsp/\libhal_bsp.a(alt_dcache_flush_all.o)
                                0x10c (size before relaxing)
 .debug_str     0x00000c3d       0x50 ../hello_world_bsp/\libhal_bsp.a(alt_dev.o)
                                0x2bc (size before relaxing)
 .debug_str     0x00000c8d       0x4b ../hello_world_bsp/\libhal_bsp.a(alt_dev_llist_insert.o)
                                0x183 (size before relaxing)
 .debug_str     0x00000cd8       0x14 ../hello_world_bsp/\libhal_bsp.a(alt_errno.o)
                                 0xfc (size before relaxing)
 .debug_str     0x00000cec       0x2a ../hello_world_bsp/\libhal_bsp.a(alt_exit.o)
                                0x108 (size before relaxing)
 .debug_str     0x00000d16       0x34 ../hello_world_bsp/\libhal_bsp.a(alt_icache_flush_all.o)
                                0x10c (size before relaxing)
 .debug_str     0x00000d4a       0x56 ../hello_world_bsp/\libhal_bsp.a(alt_io_redirect.o)
                                0x2cd (size before relaxing)
 .debug_str     0x00000da0       0x36 ../hello_world_bsp/\libhal_bsp.a(alt_open.o)
                                0x202 (size before relaxing)
 .debug_str     0x00000dd6       0x28 ../hello_world_bsp/\libhal_bsp.a(alt_release_fd.o)
                                0x196 (size before relaxing)
 .debug_str     0x00000dfe       0x3b ../hello_world_bsp/\libhal_bsp.a(altera_nios2_qsys_irq.o)
                                0x113 (size before relaxing)
 .debug_str     0x00000e39       0x24 ../hello_world_bsp/\libhal_bsp.a(alt_find_dev.o)
                                0x1a3 (size before relaxing)
 .debug_str     0x00000e5d       0x26 ../hello_world_bsp/\libhal_bsp.a(alt_find_file.o)
                                0x1b1 (size before relaxing)
 .debug_str     0x00000e83       0x30 ../hello_world_bsp/\libhal_bsp.a(alt_get_fd.o)
                                0x1d3 (size before relaxing)
 .debug_str     0x00000eb3       0x2c ../hello_world_bsp/\libhal_bsp.a(alt_icache_flush.o)
                                0x112 (size before relaxing)
 .debug_str     0x00000edf       0x42 h:/quartusii_13.1/nios2eds/bin/gnu/h-i686-mingw32/bin/../lib/gcc/nios2-elf/4.7.3/../../../../../H-i686-mingw32/nios2-elf/lib\libsmallc.a(lib_a-memcmp.o)
                                0x17c (size before relaxing)

.debug_loc      0x00000000      0x94b
 *(.debug_loc)
 .debug_loc     0x00000000       0x2c obj/default/hello_world.o
 .debug_loc     0x0000002c       0xb7 h:/quartusii_13.1/nios2eds/bin/gnu/h-i686-mingw32/bin/../lib/gcc/nios2-elf/4.7.3/../../../../../H-i686-mingw32/nios2-elf/lib\libsmallc.a(lib_a-puts.o)
 .debug_loc     0x000000e3       0x29 h:/quartusii_13.1/nios2eds/bin/gnu/h-i686-mingw32/bin/../lib/gcc/nios2-elf/4.7.3/../../../../../H-i686-mingw32/nios2-elf/lib\libsmallc.a(lib_a-strlen.o)
 .debug_loc     0x0000010c      0x19e h:/quartusii_13.1/nios2eds/bin/gnu/h-i686-mingw32/bin/../lib/gcc/nios2-elf/4.7.3/../../../../../H-i686-mingw32/nios2-elf/lib\libsmallc.a(lib_a-fvwrite_small_dev.o)
 .debug_loc     0x000002aa       0xde h:/quartusii_13.1/nios2eds/bin/gnu/h-i686-mingw32/bin/../lib/gcc/nios2-elf/4.7.3/../../../../../H-i686-mingw32/nios2-elf/lib\libsmallc.a(lib_a-writer.o)
 .debug_loc     0x00000388       0x58 ../hello_world_bsp/\libhal_bsp.a(alt_load.o)
 .debug_loc     0x000003e0       0x2c ../hello_world_bsp/\libhal_bsp.a(alt_main.o)
 .debug_loc     0x0000040c       0x58 ../hello_world_bsp/\libhal_bsp.a(alt_write.o)
 .debug_loc     0x00000464       0x84 ../hello_world_bsp/\libhal_bsp.a(alt_sys_init.o)
 .debug_loc     0x000004e8       0x58 ../hello_world_bsp/\libhal_bsp.a(altera_avalon_jtag_uart_fd.o)
 .debug_loc     0x00000540       0x2c ../hello_world_bsp/\libhal_bsp.a(altera_avalon_jtag_uart_read.o)
 .debug_loc     0x0000056c       0x2c ../hello_world_bsp/\libhal_bsp.a(altera_avalon_jtag_uart_write.o)
 .debug_loc     0x00000598       0x58 ../hello_world_bsp/\libhal_bsp.a(alt_close.o)
 .debug_loc     0x000005f0       0x2c ../hello_world_bsp/\libhal_bsp.a(alt_dcache_flush_all.o)
 .debug_loc     0x0000061c       0x2c ../hello_world_bsp/\libhal_bsp.a(alt_dev.o)
 .debug_loc     0x00000648       0x58 ../hello_world_bsp/\libhal_bsp.a(alt_dev_llist_insert.o)
 .debug_loc     0x000006a0       0x2c ../hello_world_bsp/\libhal_bsp.a(alt_exit.o)
 .debug_loc     0x000006cc       0x2c ../hello_world_bsp/\libhal_bsp.a(alt_icache_flush_all.o)
 .debug_loc     0x000006f8       0x58 ../hello_world_bsp/\libhal_bsp.a(alt_io_redirect.o)
 .debug_loc     0x00000750       0x84 ../hello_world_bsp/\libhal_bsp.a(alt_open.o)
 .debug_loc     0x000007d4       0x2c ../hello_world_bsp/\libhal_bsp.a(alt_release_fd.o)
 .debug_loc     0x00000800       0x2c ../hello_world_bsp/\libhal_bsp.a(altera_nios2_qsys_irq.o)
 .debug_loc     0x0000082c       0x2c ../hello_world_bsp/\libhal_bsp.a(alt_find_dev.o)
 .debug_loc     0x00000858       0x2c ../hello_world_bsp/\libhal_bsp.a(alt_find_file.o)
 .debug_loc     0x00000884       0x2c ../hello_world_bsp/\libhal_bsp.a(alt_get_fd.o)
 .debug_loc     0x000008b0       0x2c ../hello_world_bsp/\libhal_bsp.a(alt_icache_flush.o)
 .debug_loc     0x000008dc       0x6f h:/quartusii_13.1/nios2eds/bin/gnu/h-i686-mingw32/bin/../lib/gcc/nios2-elf/4.7.3/../../../../../H-i686-mingw32/nios2-elf/lib\libsmallc.a(lib_a-memcmp.o)

.debug_macinfo
 *(.debug_macinfo)

.debug_weaknames
 *(.debug_weaknames)

.debug_funcnames
 *(.debug_funcnames)

.debug_typenames
 *(.debug_typenames)

.debug_varnames
 *(.debug_varnames)

.debug_alt_sim_info
                0x00000000       0x30
 *(.debug_alt_sim_info)
 .debug_alt_sim_info
                0x00000000       0x30 ../hello_world_bsp//obj/HAL/src/crt0.o
                0x00006800                __alt_data_end = 0x6800
                0x00006800                PROVIDE (__alt_stack_pointer, __alt_data_end)
                0x00005868                PROVIDE (__alt_stack_limit, __alt_stack_base)
                0x00005868                PROVIDE (__alt_heap_start, end)
                0x00006800                PROVIDE (__alt_heap_limit, 0x6800)
OUTPUT(hello_world.elf elf32-littlenios2)

.debug_ranges   0x00000000       0x50
 .debug_ranges  0x00000000       0x20 ../hello_world_bsp//obj/HAL/src/crt0.o
 .debug_ranges  0x00000020       0x18 h:/quartusii_13.1/nios2eds/bin/gnu/h-i686-mingw32/bin/../lib/gcc/nios2-elf/4.7.3/../../../../../H-i686-mingw32/nios2-elf/lib\libsmallc.a(lib_a-fvwrite_small_dev.o)
 .debug_ranges  0x00000038       0x18 ../hello_world_bsp/\libhal_bsp.a(altera_avalon_jtag_uart_read.o)
